// Jest Snapshot v1, https://goo.gl/fbAQLP

exports[`should render all the components 1`] = `
<figure
  class="container"
>
  <figcaption>
    <span
      style="position: absolute; border: 0px; width: 1px; height: 1px; padding: 0px; margin: -1px; overflow: hidden; clip: rect(0px, 0px, 0px, 0px); white-space: nowrap; word-wrap: normal;"
    >
      Terminal code styled in the active color themes
    </span>
  </figcaption>
  <div
    class="background"
  >
    <div>
      <span
        style="font-weight: 700;"
      >
         
        PASS
         
      </span>
       
      <span
        style="opacity: 0.5;"
      >
        components/ToggleLightness/
      </span>
      <span
        style="font-weight: 700;"
      >
        ToggleLightness.test.tsx
      </span>
    </div>
    <div>
      <span
        style="font-weight: 700;"
      >
         
        FAIL
         
      </span>
       
      <span
        style="opacity: 0.5;"
      >
        components/NextPrevButton/
      </span>
      <span
        style="font-weight: 700;"
      >
        NextPrevButton.test.tsx
      </span>
    </div>
    <div>
      <span
        style="font-weight: 700;"
      >
        Test Suites: 
      </span>
      <span
        style="font-weight: 700;"
      >
        1 failed
      </span>
      , 
      <span
        style="font-weight: 700;"
      >
        9 passed
      </span>
      , 10 total
    </div>
    <div>
      <span
        style="font-weight: 700;"
      >
        Time: 
         
         
         
         
         
         
      </span>
       
      <span
        style="font-weight: 700;"
      >
        2.897
      </span>
    </div>
    <div>
      <span
        style="opacity: 0.5;"
      >
        Ran all test suites.
      </span>
    </div>
  </div>
</figure>
`;
