// Jest Snapshot v1, https://goo.gl/fbAQLP

exports[`should render the current color scheme 1`] = `
<ul
  style="--black: #090300; --red: #db2d20; --green: #01a252; --yellow: #fded02; --blue: #01a0e4; --purple: #a16a94; --cyan: #b5e4f4; --white: #a5a2a2; --brightBlack: #5c5855; --brightRed: #e8bbd0; --brightGreen: #3a3432; --brightYellow: #4a4543; --brightBlue: #807d7c; --brightPurple: #d6d5d4; --brightCyan: #cdab53; --brightWhite: #f7f7f7; --background: #f7f7f7; --foreground: #4a4543; --cursorColor: #4a4543; --selectionBackground: #a5a2a2;"
>
  <li>
    --black
     == 
    #090300
  </li>
  <li>
    --red
     == 
    #db2d20
  </li>
  <li>
    --green
     == 
    #01a252
  </li>
  <li>
    --yellow
     == 
    #fded02
  </li>
  <li>
    --blue
     == 
    #01a0e4
  </li>
  <li>
    --purple
     == 
    #a16a94
  </li>
  <li>
    --cyan
     == 
    #b5e4f4
  </li>
  <li>
    --white
     == 
    #a5a2a2
  </li>
  <li>
    --brightBlack
     == 
    #5c5855
  </li>
  <li>
    --brightRed
     == 
    #e8bbd0
  </li>
  <li>
    --brightGreen
     == 
    #3a3432
  </li>
  <li>
    --brightYellow
     == 
    #4a4543
  </li>
  <li>
    --brightBlue
     == 
    #807d7c
  </li>
  <li>
    --brightPurple
     == 
    #d6d5d4
  </li>
  <li>
    --brightCyan
     == 
    #cdab53
  </li>
  <li>
    --brightWhite
     == 
    #f7f7f7
  </li>
  <li>
    --background
     == 
    #f7f7f7
  </li>
  <li>
    --foreground
     == 
    #4a4543
  </li>
  <li>
    --cursorColor
     == 
    #4a4543
  </li>
  <li>
    --selectionBackground
     == 
    #a5a2a2
  </li>
</ul>
`;
